
AssocTyDef04.hs:6:18:
    Expecting one more argument to ‘Maybe’
       Expected kind: *
         Actual kind: * -> *
    which classifies: Maybe
    In the type ‘Maybe’
    In the default type instance declaration for ‘Typ’
    In the class declaration for ‘Cls’
