
StrictBinds.hs:7:11: error:
    Recursive bindings for unlifted types aren't allowed:
      x = 3# +# y
      y = x

StrictBinds.hs:11:11: error:
    Pattern bindings containing unlifted types should use
    an outermost bang pattern:
      I# x = 5
