
T2806.hs:12:11: error:
    Pattern bindings containing unlifted types should use
    an outermost bang pattern:
      (I# _x) = 4
