
T5853.hs:15:52:
    Could not deduce (t ~ Subst (Subst t a) (Elem t))
    from the context (F (Subst t b),
                      Elem (Subst t b) ~ b,
                      Subst (Subst t b) (Elem t) ~ t,
                      F (Subst t a),
                      Elem (Subst t a) ~ a,
                      Elem (Subst t b) ~ b,
                      Subst (Subst t a) b ~ Subst t b,
                      Subst (Subst t b) a ~ Subst t a)
      bound by the RULE "map/map" at T5853.hs:15:2-57
      ‘t’ is a rigid type variable bound by
          the RULE "map/map" at T5853.hs:15:2
    Relevant bindings include
      f :: b -> Elem t (bound at T5853.hs:15:19)
      g :: a -> b (bound at T5853.hs:15:21)
      xs :: Subst t a (bound at T5853.hs:15:23)
    In the expression: (f . g) <$> xs
    When checking the transformation rule "map/map"
