
T7453.hs:9:15:
    Couldn't match type ‘t’ with ‘t2’
      because type variable ‘t2’ would escape its scope
    This (rigid, skolem) type variable is bound by
      the type signature for z :: Id t2
      at T7453.hs:8:16-19
    Expected type: Id t2
      Actual type: Id t
    Relevant bindings include
      aux :: Id t (bound at T7453.hs:10:21)
      z :: Id t2 (bound at T7453.hs:9:11)
      v :: t (bound at T7453.hs:7:7)
      cast1 :: t -> t1 (bound at T7453.hs:7:1)
    In the expression: aux
    In an equation for ‘z’:
        z = aux
          where
              aux = Id v

T7453.hs:15:15:
    Couldn't match type ‘t’ with ‘t2’
      because type variable ‘t2’ would escape its scope
    This (rigid, skolem) type variable is bound by
      the type signature for z :: () -> t2
      at T7453.hs:14:16-22
    Expected type: () -> t2
      Actual type: () -> t
    Relevant bindings include
      aux :: forall b. b -> t (bound at T7453.hs:16:21)
      z :: () -> t2 (bound at T7453.hs:15:11)
      v :: t (bound at T7453.hs:13:7)
      cast2 :: t -> t1 (bound at T7453.hs:13:1)
    In the expression: aux
    In an equation for ‘z’:
        z = aux
          where
              aux = const v

T7453.hs:21:15:
    Couldn't match expected type ‘t2’ with actual type ‘t’
      because type variable ‘t2’ would escape its scope
    This (rigid, skolem) type variable is bound by
      the type signature for z :: t2
      at T7453.hs:20:16
    Relevant bindings include
      aux :: forall b. b -> t (bound at T7453.hs:22:21)
      z :: t2 (bound at T7453.hs:21:11)
      v :: t (bound at T7453.hs:19:7)
      cast3 :: t -> t1 (bound at T7453.hs:19:1)
    In the expression: v
    In an equation for ‘z’:
        z = v
          where
              aux = const v
