*** Exception: Prelude.undefined
x :: r = *** Exception: Prelude.undefined
y :: Integer = 3
