
==================== Tidy Core ====================
Result size of Tidy Core = {terms: 5, types: 14, coercions: 0}

absurd :: forall a. Int :~: Bool -> a
[GblId, Arity=1, Caf=NoCafRefs, Str=DmdType <L,U>b]
absurd =
  \ (@ a) (x :: Int :~: Bool) ->
    case x of (wild [Occ=Dead] :: Int :~: Bool) { }



