
PolyKinds02.hs:13:16:
    Couldn't match kind ‘*’ with ‘Nat’
    Expected kind ‘Nat’, but ‘Nat’ has kind ‘*’
    In the second argument of ‘Vec’, namely ‘Nat’
    In the type signature for ‘vec’: vec :: Vec Nat Nat
