
T12593.hs:11:16: error:
    • Expected kind ‘k1 -> k2 -> *’, but ‘Free k k1 k2 p’ has kind ‘*’
    • In the type signature:
        run :: k2 q =>
               Free k k1 k2 p a b
               -> (forall (c :: k) (d :: k1). p c d -> q c d) -> q a b

T12593.hs:12:31: error:
    • Expecting one more argument to ‘k’
      Expected a type, but
      ‘k’ has kind
      ‘((k0 -> Constraint) -> k4 -> *) -> Constraint’
    • In the kind ‘k’
      In the type signature:
        run :: k2 q =>
               Free k k1 k2 p a b
               -> (forall (c :: k) (d :: k1). p c d -> q c d) -> q a b

T12593.hs:12:40: error:
    • Expecting two more arguments to ‘k1’
      Expected a type, but ‘k1’ has kind ‘(k0 -> Constraint) -> k4 -> *’
    • In the kind ‘k1’
      In the type signature:
        run :: k2 q =>
               Free k k1 k2 p a b
               -> (forall (c :: k) (d :: k1). p c d -> q c d) -> q a b

T12593.hs:12:54: error:
    • Couldn't match kind ‘((k1 -> k2 -> *) -> Constraint) -> k0 -> *’
                     with ‘*’
      When matching kinds
        k3 :: ((k1 -> k2 -> *) -> Constraint) -> k0 -> *
        k2 :: *
      Expected kind ‘k -> k3 -> *’, but ‘q’ has kind ‘k1 -> k2 -> *’
    • In the type signature:
        run :: k2 q =>
               Free k k1 k2 p a b
               -> (forall (c :: k) (d :: k1). p c d -> q c d) -> q a b
