
T7278.hs:9:43:
    Expecting two fewer arguments to ‘t’
    Expected kind ‘* -> * -> *’, but ‘t’ has kind ‘k’
    In the type signature for ‘f’:
      f :: (C (t :: k) (TF t)) => TF t p1 p0 -> t p1 p0
