
T8566.hs:31:9:
    Could not deduce (C ('AA (t2 (I a ps)) as1) ps fs0)
      arising from a use of ‘c’
    from the context (C ('AA (t1 (I a ps)) as1) ps fs)
      bound by the instance declaration at T8566.hs:29:10-67
    or from ('AA t1 (a : as1) ~ 'AA t2 as2)
      bound by a pattern with constructor
                 A :: forall (r :: [*]) (as :: [U *]) v (t :: v). I ('AA t as) r,
               in an equation for ‘c’
      at T8566.hs:31:5
    The type variable ‘fs0’ is ambiguous
    Relevant bindings include
      c :: I ('AA t1 (a : as1)) ps -> I ('AA t1 (a : as1)) ps
        (bound at T8566.hs:31:3)
    In the expression: c undefined
    In an equation for ‘c’: c A = c undefined
    In the instance declaration for ‘C ('AA t (a : as)) ps fs’
