
T3330c.hs:23:43:
    Couldn't match kind ‘*’ with ‘* -> *’
    When matching types
      f2 x :: *
      f2 :: * -> *
       Expected type: Der ((->) x) (f2 x)
         Actual type: R f2
    Relevant bindings include
      x :: x (bound at T3330c.hs:23:29)
      df :: f2 x (bound at T3330c.hs:23:25)
      rf :: R f2 (bound at T3330c.hs:23:13)
      plug' :: R f1 -> Der f1 x -> x -> f1 x (bound at T3330c.hs:23:1)
    In the first argument of ‘plug’, namely ‘rf’
    In the first argument of ‘Inl’, namely ‘(plug rf df x)’
