Stopped at break012.hs:(1,1)-(5,18)
_result :: (r, a1 -> a1, (), a -> a -> a) = _
Stopped at break012.hs:5:10-18
_result :: (r, a1 -> a1, (), a -> a -> a) = _
a :: r = _
b :: a2 -> a2 = _
c :: () = _
d :: a -> a -> a = _
a :: r
b :: a2 -> a2
c :: ()
d :: a -> a -> a
a = (_t1::r)
b = (_t2::a2 -> a2)
c = (_t3::())
d = (_t4::a -> a -> a)
