Stopped at break026.hs:(5,1)-(7,35)
_result :: r = _
Stopped at break026.hs:5:16-22
_result :: Integer = _
c :: Integer = 0
go :: Integer -> [r1] -> Integer = _
xs :: [r1] = _
Stopped at break026.hs:(6,9)-(7,35)
_result :: r = _
f :: r -> r1 -> r = _
Stopped at break026.hs:7:23-35
_result :: Integer = _
c :: Integer = 0
f :: Integer -> Integer -> Integer = _
x :: Integer = 1
xs :: [Integer] = _
Stopped at break026.hs:(6,9)-(7,35)
_result :: r = _
f :: r -> r1 -> r = _
Stopped at break026.hs:7:23-35
_result :: r = _
c :: r = _
f :: r -> Integer -> r = _
x :: Integer = 2
xs :: [Integer] = _
c = 1
Stopped at break026.hs:(5,1)-(7,35)
_result :: r = _
Stopped at break026.hs:5:16-22
_result :: Integer = _
c :: Integer = 0
go :: Integer -> [r1] -> Integer = _
xs :: [r1] = _
Stopped at break026.hs:(6,9)-(7,35)
_result :: r = _
f :: r -> r1 -> r = _
Stopped at break026.hs:7:23-35
_result :: Integer = _
c :: Integer = 0
f :: Integer -> Integer -> Integer = _
x :: Integer = 1
xs :: [Integer] = _
Stopped at break026.hs:(6,9)-(7,35)
_result :: r = _
f :: r -> r1 -> r = _
Stopped at break026.hs:7:23-35
_result :: r = _
c :: r = _
f :: r -> Integer -> r = _
x :: Integer = 2
xs :: [Integer] = _
Stopped at break026.hs:7:27-31
_result :: Integer = _
c :: Integer = 0
f :: Integer -> Integer -> Integer = _
x :: Integer = 1
()
1
