a = O (_t1::_a)
b = O (_t2::_a1)
()
_t1 = 'a'
a :: Opaque = O 'a'
b :: Opaque = O _
_t1 :: Char = 'a'
_t2 :: _a1 = _
it :: () = ()
