o = O (One Main.Nil)
()
_t1 :: Bool -> Bool -> Bool
o = O (One Main.Nil)
