
T11976.hs:7:7: error:
    • Cannot instantiate unification variable ‘a0’
      with a type involving foralls: Lens w3 w4 w5
        GHC doesn't yet support impredicative polymorphism
    • In the expression: undefined :: Lens _ _ _
      In an equation for ‘foo’: foo = undefined :: Lens _ _ _

T11976.hs:7:20: error:
    • Expected kind ‘* -> *’, but ‘Lens _ _’ has kind ‘*’
    • In the type ‘Lens _ _ _’
      In an expression type signature: Lens _ _ _
      In the expression: undefined :: Lens _ _ _
