
tc211.hs:17:8:
    Couldn't match expected type ‘forall a. a -> a’
                with actual type ‘_a2 -> _a2’
    In the expression:
        (:) ::
          (forall a. a -> a) -> [forall a. a -> a] -> [forall a. a -> a]
    In the expression:
      ((:) ::
         (forall a. a -> a) -> [forall a. a -> a] -> [forall a. a -> a])
        (head foo) foo

tc211.hs:18:22:
    Couldn't match type ‘forall a1. a1 -> a1’ with ‘a -> a’
       Expected type: [a -> a]
         Actual type: [forall a. a -> a]
    which classifies: foo
    In the first argument of ‘head’, namely ‘foo’
    In the first argument of ‘(:) ::
                                (forall a. a -> a)
                                -> [forall a. a -> a] -> [forall a. a -> a]’, namely
      ‘(head foo)’

tc211.hs:59:18:
    Couldn't match expected type ‘forall a. a -> a’
                with actual type ‘_a1 -> _a1’
    In the expression:
        Cons ::
          (forall a. a -> a)
          -> List (forall a. a -> a) -> List (forall a. a -> a)
    In an equation for ‘cons’:
        cons
          = Cons ::
              (forall a. a -> a)
              -> List (forall a. a -> a) -> List (forall a. a -> a)

tc211.hs:65:8:
    Couldn't match expected type ‘forall a. a -> a’
                with actual type ‘_a -> _a’
    In the expression:
        Cons ::
          (forall a. a -> a)
          -> List (forall a. a -> a) -> List (forall a. a -> a)
    In the expression:
      (Cons ::
         (forall a. a -> a)
         -> List (forall a. a -> a) -> List (forall a. a -> a))
        (\ x -> x) Nil

tc211.hs:73:9:
    Couldn't match type ‘forall a1. a1 -> a1’ with ‘a -> a’
       Expected type: List (forall a1. a1 -> a1)
                      -> (forall a1. a1 -> a1) -> a -> a
         Actual type: List (a -> a) -> (a -> a) -> a -> a
    which classifies: foo2
    In the expression:
        foo2 ::
          List (forall a. a -> a) -> (forall a. a -> a) -> (forall a. a -> a)
    In the expression:
      (foo2 ::
         List (forall a. a -> a)
         -> (forall a. a -> a) -> (forall a. a -> a))
        xs1 (\ x -> x)
