
==================== Tidy Core ====================
Result size of Tidy Core = {terms: 22, types: 14, coercions: 0}

dl :: Double -> Double
[GblId,
 Arity=1,
 Caf=NoCafRefs,
 Str=DmdType <S,1*U(U)>m,
 Unf=Unf{Src=InlineStable, TopLvl=True, Value=True, ConLike=True,
         WorkFree=True, Expandable=True,
         Guidance=ALWAYS_IF(arity=1,unsat_ok=True,boring_ok=False)
         Tmpl= \ (x [Occ=Once!] :: Double) ->
                 case x
                 of (wild1 [Occ=Dead] :: Double)
                 { GHC.Types.D# (y :: GHC.Prim.Double#) ->
                 GHC.Types.D# (GHC.Prim.+## y y)
                 }}]
dl =
  \ (x :: Double) ->
    case x
    of (wild1 [Occ=Dead] :: Double)
    { GHC.Types.D# (y :: GHC.Prim.Double#) ->
    GHC.Types.D# (GHC.Prim.+## y y)
    }

dr :: Double -> Double
[GblId,
 Arity=1,
 Caf=NoCafRefs,
 Str=DmdType <S,1*U(U)>m,
 Unf=Unf{Src=InlineStable, TopLvl=True, Value=True, ConLike=True,
         WorkFree=True, Expandable=True,
         Guidance=ALWAYS_IF(arity=1,unsat_ok=True,boring_ok=False)
         Tmpl= \ (x [Occ=Once!] :: Double) ->
                 case x
                 of (wild [Occ=Dead] :: Double)
                 { GHC.Types.D# (x1 :: GHC.Prim.Double#) ->
                 GHC.Types.D# (GHC.Prim.+## x1 x1)
                 }}]
dr = dl

fl :: Float -> Float
[GblId,
 Arity=1,
 Caf=NoCafRefs,
 Str=DmdType <S,1*U(U)>m,
 Unf=Unf{Src=InlineStable, TopLvl=True, Value=True, ConLike=True,
         WorkFree=True, Expandable=True,
         Guidance=ALWAYS_IF(arity=1,unsat_ok=True,boring_ok=False)
         Tmpl= \ (x [Occ=Once!] :: Float) ->
                 case x
                 of (wild1 [Occ=Dead] :: Float)
                 { GHC.Types.F# (y :: GHC.Prim.Float#) ->
                 GHC.Types.F# (GHC.Prim.plusFloat# y y)
                 }}]
fl =
  \ (x :: Float) ->
    case x
    of (wild1 [Occ=Dead] :: Float)
    { GHC.Types.F# (y :: GHC.Prim.Float#) ->
    GHC.Types.F# (GHC.Prim.plusFloat# y y)
    }

fr :: Float -> Float
[GblId,
 Arity=1,
 Caf=NoCafRefs,
 Str=DmdType <S,1*U(U)>m,
 Unf=Unf{Src=InlineStable, TopLvl=True, Value=True, ConLike=True,
         WorkFree=True, Expandable=True,
         Guidance=ALWAYS_IF(arity=1,unsat_ok=True,boring_ok=False)
         Tmpl= \ (x [Occ=Once!] :: Float) ->
                 case x
                 of (wild [Occ=Dead] :: Float)
                 { GHC.Types.F# (x1 :: GHC.Prim.Float#) ->
                 GHC.Types.F# (GHC.Prim.plusFloat# x1 x1)
                 }}]
fr = fl



